2026-08-22 18:01:47.532
                INFO 
                [main]
                org.travel_stories.Main
                - Starting Main using Java 21.0.12 with PID 10076 (G:\Projects\TravelStories\backend\target\classes started by jayes in G:\Projects\TravelStories\backend)
2026-08-22 18:01:47.538
                DEBUG
                [main]
                org.travel_stories.Main
                - Running with Spring Boot v4.0.2, Spring v7.0.3
2026-08-22 18:01:47.538
                INFO 
                [main]
                org.travel_stories.Main
                - No active profile set, falling back to 1 default profile: "default"
2026-08-22 18:01:49.876
                INFO 
                [main]
                o.a.coyote.http11.Http11NioProtocol
                - Initializing ProtocolHandler ["http-nio-8080"]
2026-08-22 18:01:49.879
                INFO 
                [main]
                o.a.catalina.core.StandardService
                - Starting service [Tomcat]
2026-08-22 18:01:49.879
                INFO 
                [main]
                o.a.catalina.core.StandardEngine
                - Starting Servlet engine: [Apache Tomcat/11.0.15]
2026-08-22 18:01:50.482
                DEBUG
                [main]
                o.t.s.ratelimit.RateLimitingFilter
                - Filter 'rateLimitingFilter' configured for use
2026-08-22 18:01:50.483
                DEBUG
                [main]
                o.travel_stories.security.JwtFilter
                - Filter 'jwtFilter' configured for use
2026-08-22 18:01:51.815
                INFO 
                [main]
                com.zaxxer.hikari.HikariDataSource
                - HikariPool-1 - Starting...
2026-08-22 18:01:52.236
                INFO 
                [main]
                com.zaxxer.hikari.pool.HikariPool
                - HikariPool-1 - Added connection org.postgresql.jdbc.PgConnection@147375b3
2026-08-22 18:01:52.238
                INFO 
                [main]
                com.zaxxer.hikari.HikariDataSource
                - HikariPool-1 - Start completed.
2026-08-22 18:01:56.265
                INFO 
                [main]
                o.t.s.storage.FileStorageService
                - File storage initialized at: G:\Projects\travel-stories-storage
2026-08-22 18:01:56.691
                WARN 
                [main]
                o.s.b.s.a.UserDetailsServiceAutoConfiguration
                - 

Using generated security password: 4075ca82-285a-4ada-a0f1-d4611d99ca8d

This generated password is for development use only. Your security configuration must be updated before running your application in production.

2026-08-22 18:01:57.349
                INFO 
                [main]
                o.a.coyote.http11.Http11NioProtocol
                - Starting ProtocolHandler ["http-nio-8080"]
2026-08-22 18:01:57.387
                INFO 
                [main]
                org.travel_stories.Main
                - Started Main in 10.547 seconds (process running for 14.641)
